// Jest Snapshot v1, https://goo.gl/fbAQLP

exports[`Loading Spinner snapshots should render a loading spinner 1`] = `
<div
  class="loader"
  style="border-width: 4px; width: 32px; height: 32px;"
/>
`;
