// Jest Snapshot v1, https://goo.gl/fbAQLP

exports[`Search Bar snapshots should render a search input 1`] = `
<div
  class="search-bar-wrapper"
>
  <div
    class="icon search-bar-icon search-bar-icon--search"
  >
    <svg
      aria-hidden="true"
      class="octicon octicon-search"
      height="16"
      version="1.1"
      viewBox="0 0 16 16"
      width="16"
    >
      <path
        d="M11.5 7a4.499 4.499 0 11-8.998 0A4.499 4.499 0 0111.5 7zm-.82 4.74a6 6 0 111.06-1.06l3.04 3.04a.75.75 0 11-1.06 1.06l-3.04-3.04z"
        fill-rule="evenodd"
      />
    </svg>
  </div>
   
  <input
    autocomplete="off"
    class="search-bar-input"
    data-search-bar-input="true"
    placeholder="Search..."
    type="search"
  />
   
  <div
    class="search-bar-icon search-bar-icon--shortcut"
    title="Press \\"/\\" to search"
  >
    /
  </div>
   
  <div
    class="search-bar-icon search-bar-icon--clear"
    style="display: none;"
  >
    <div
      class="icon"
    >
      <svg
        aria-hidden="true"
        class="octicon octicon-x"
        height="16"
        version="1.1"
        viewBox="0 0 16 16"
        width="16"
      >
        <path
          d="M3.72 3.72a.75.75 0 011.06 0L8 6.94l3.22-3.22a.75.75 0 111.06 1.06L9.06 8l3.22 3.22a.75.75 0 11-1.06 1.06L8 9.06l-3.22 3.22a.75.75 0 01-1.06-1.06L6.94 8 3.72 4.78a.75.75 0 010-1.06z"
          fill-rule="evenodd"
        />
      </svg>
    </div>
  </div>
</div>
`;
